['runID: object', 'module: object', 'name: object', 'count: float64', 'sumweights: float64', 'mean: float64', 'stddev: float64', 'min: float64', 'max: float64', 'underflows: float64', 'overflows: float64', 'binedges: object', 'binvalues: object', 'interpolationmode: object', 'recordingmode: object', 'source: object', 'title: object', 'unit: object', 'N: object', 'configname: object', 'datetime: object', 'datetimef: object', 'experiment: object', 'inifile: object', 'iterationvars: object', 'iterationvarsd: object', 'iterationvarsf: object', 'measurement: object', 'network: object', 'processid: object', 'repetition: object', 'replication: object', 'resultdir: object', 'runnumber: object', 'seedset: object', '**.bar: object', 'network_config: object', 'repeat: object']
"runID","module","name","count","sumweights","mean","stddev","min","max","underflows","overflows","binedges","binvalues","interpolationmode","recordingmode","source","title","unit","N","configname","datetime","datetimef","experiment","inifile","iterationvars","iterationvarsd","iterationvarsf","measurement","network","processid","repetition","replication","resultdir","runnumber","seedset","**.bar","network_config","repeat"
"General-0-REDACTED","Test.node1","foo1:histogram",100.0,100.0,0.0199,0.003341,0.011,0.027,0.0,0.0,"[0.009 0.01  0.011 0.012 0.013 0.014 0.015 0.016 0.017 0.018 0.019 0.02
 0.021 0.022 0.023 0.024 0.025 0.026 0.027 0.028 0.029 0.03 ]","[ 0.  0.  1.  0.  3.  2.  4.  7.  1. 15. 15. 10. 10.  7. 11.  5.  4.  4.
  1.  0.  0.]","sample-hold","histogram","foo1","","s","1","General","REDACTED","REDACTED","General","omnetpp.ini","$N=1","N=1","N=1-","$N=1","Test","REDACTED","0","#0","results","0","0","1","Test","2"
"General-0-REDACTED","Test.node1","foo2:histogram",100.0,100.0,10.775412,10.161722,0.08548,42.018594,0.0,0.0,"[ 0.  1.  2.  3.  4.  5.  6.  7.  8.  9. 10. 11. 12. 13. 14. 15. 16. 17.
 18. 19. 20. 21. 22. 23. 24. 25. 26. 27. 28. 29. 30. 31. 32. 33. 34. 35.
 36. 37. 38. 39. 40. 41. 42. 43. 44. 45. 46. 47. 48. 49. 50. 51. 52. 53.]","[11.  4. 10.  6.  5.  6.  6.  4.  5.  5.  3.  1.  4.  3.  2.  1.  2.  2.
  0.  3.  0.  0.  1.  2.  0.  3.  1.  1.  1.  1.  2.  1.  0.  0.  1.  0.
  0.  0.  1.  0.  1.  0.  1.  0.  0.  0.  0.  0.  0.  0.  0.  0.  0.]","","histogram","foo2","A very nice foo.","","1","General","REDACTED","REDACTED","General","omnetpp.ini","$N=1","N=1","N=1-","$N=1","Test","REDACTED","0","#0","results","0","0","1","Test","2"
"General-0-REDACTED","Test.node1","zero:histogram",1.0,1.0,0.0,"",0.0,0.0,0.0,0.0,"[-0.5  -0.48 -0.46 -0.44 -0.42 -0.4  -0.38 -0.36 -0.34 -0.32 -0.3  -0.28
 -0.26 -0.24 -0.22 -0.2  -0.18 -0.16 -0.14 -0.12 -0.1  -0.08 -0.06 -0.04
 -0.02  0.    0.02  0.04  0.06  0.08  0.1   0.12  0.14  0.16  0.18  0.2
  0.22  0.24  0.26  0.28  0.3   0.32  0.34  0.36  0.38  0.4   0.42  0.44
  0.46  0.48  0.5 ]","[0. 0. 0. 0. 0. 0. 0. 0. 0. 0. 0. 0. 0. 0. 0. 0. 0. 0. 0. 0. 0. 0. 0. 0.
 0. 1. 0. 0. 0. 0. 0. 0. 0. 0. 0. 0. 0. 0. 0. 0. 0. 0. 0. 0. 0. 0. 0. 0.
 0. 0.]","","histogram","zero","Zero","pk","1","General","REDACTED","REDACTED","General","omnetpp.ini","$N=1","N=1","N=1-","$N=1","Test","REDACTED","0","#0","results","0","0","1","Test","2"
"General-0-REDACTED","Test.node2","foo1:histogram",100.0,100.0,0.02011,0.002846,0.014,0.029,0.0,0.0,"[0.01  0.011 0.012 0.013 0.014 0.015 0.016 0.017 0.018 0.019 0.02  0.021
 0.022 0.023 0.024 0.025 0.026 0.027 0.028 0.029 0.03  0.031]","[ 0.  0.  0.  0.  2.  1.  7.  8. 14.  8. 16. 14. 14.  5.  4.  4.  0.  2.
  0.  1.  0.]","sample-hold","histogram","foo1","","s","1","General","REDACTED","REDACTED","General","omnetpp.ini","$N=1","N=1","N=1-","$N=1","Test","REDACTED","0","#0","results","0","0","1","Test","2"
"General-0-REDACTED","Test.node2","foo2:histogram",100.0,100.0,10.207521,9.528127,0.054122,48.592183,0.0,0.0,"[ 0.  1.  2.  3.  4.  5.  6.  7.  8.  9. 10. 11. 12. 13. 14. 15. 16. 17.
 18. 19. 20. 21. 22. 23. 24. 25. 26. 27. 28. 29. 30. 31. 32. 33. 34. 35.
 36. 37. 38. 39. 40. 41. 42. 43. 44. 45. 46. 47. 48. 49. 50. 51. 52. 53.
 54. 55. 56. 57. 58. 59. 60. 61.]","[ 8.  4.  9. 10.  6.  6.  2.  8.  9.  1.  1.  1.  3.  5.  4.  3.  4.  1.
  0.  2.  2.  1.  1.  1.  1.  1.  0.  1.  0.  0.  0.  0.  2.  0.  0.  0.
  1.  0.  0.  0.  0.  0.  0.  0.  0.  1.  0.  0.  1.  0.  0.  0.  0.  0.
  0.  0.  0.  0.  0.  0.  0.]","","histogram","foo2","A very nice foo.","","1","General","REDACTED","REDACTED","General","omnetpp.ini","$N=1","N=1","N=1-","$N=1","Test","REDACTED","0","#0","results","0","0","1","Test","2"
"General-0-REDACTED","Test.node2","zero:histogram",1.0,1.0,0.0,"",0.0,0.0,0.0,0.0,"[-0.5  -0.48 -0.46 -0.44 -0.42 -0.4  -0.38 -0.36 -0.34 -0.32 -0.3  -0.28
 -0.26 -0.24 -0.22 -0.2  -0.18 -0.16 -0.14 -0.12 -0.1  -0.08 -0.06 -0.04
 -0.02  0.    0.02  0.04  0.06  0.08  0.1   0.12  0.14  0.16  0.18  0.2
  0.22  0.24  0.26  0.28  0.3   0.32  0.34  0.36  0.38  0.4   0.42  0.44
  0.46  0.48  0.5 ]","[0. 0. 0. 0. 0. 0. 0. 0. 0. 0. 0. 0. 0. 0. 0. 0. 0. 0. 0. 0. 0. 0. 0. 0.
 0. 1. 0. 0. 0. 0. 0. 0. 0. 0. 0. 0. 0. 0. 0. 0. 0. 0. 0. 0. 0. 0. 0. 0.
 0. 0.]","","histogram","zero","Zero","pk","1","General","REDACTED","REDACTED","General","omnetpp.ini","$N=1","N=1","N=1-","$N=1","Test","REDACTED","0","#0","results","0","0","1","Test","2"
"General-1-REDACTED","Test.node1","foo1:histogram",100.0,100.0,0.01967,0.003461,0.013,0.027,0.0,0.0,"[0.009 0.01  0.011 0.012 0.013 0.014 0.015 0.016 0.017 0.018 0.019 0.02
 0.021 0.022 0.023 0.024 0.025 0.026 0.027 0.028 0.029 0.03  0.031]","[ 0.  0.  0.  0.  3.  5.  6.  8. 10.  5.  6. 13.  9. 15.  5.  8.  4.  1.
  2.  0.  0.  0.]","sample-hold","histogram","foo1","","s","1","General","REDACTED","REDACTED","General","omnetpp.ini","$N=1","N=1","N=1-","$N=1","Test","REDACTED","1","#1","results","1","1","1","Test","2"
"General-1-REDACTED","Test.node1","foo2:histogram",100.0,100.0,10.204222,9.489809,0.282124,49.200004,0.0,0.0,"[ 0.  1.  2.  3.  4.  5.  6.  7.  8.  9. 10. 11. 12. 13. 14. 15. 16. 17.
 18. 19. 20. 21. 22. 23. 24. 25. 26. 27. 28. 29. 30. 31. 32. 33. 34. 35.
 36. 37. 38. 39. 40. 41. 42. 43. 44. 45. 46. 47. 48. 49. 50. 51. 52. 53.
 54. 55. 56. 57. 58. 59. 60. 61. 62.]","[ 7.  9. 10.  7.  3.  5.  7.  5.  5.  4.  5.  3.  2.  1.  0.  2.  4.  1.
  2.  2.  1.  2.  1.  0.  5.  1.  0.  1.  1.  1.  0.  0.  0.  1.  0.  0.
  0.  0.  0.  1.  0.  0.  0.  0.  0.  0.  0.  0.  0.  1.  0.  0.  0.  0.
  0.  0.  0.  0.  0.  0.  0.  0.]","","histogram","foo2","A very nice foo.","","1","General","REDACTED","REDACTED","General","omnetpp.ini","$N=1","N=1","N=1-","$N=1","Test","REDACTED","1","#1","results","1","1","1","Test","2"
"General-1-REDACTED","Test.node1","zero:histogram",1.0,1.0,0.0,"",0.0,0.0,0.0,0.0,"[-0.5  -0.48 -0.46 -0.44 -0.42 -0.4  -0.38 -0.36 -0.34 -0.32 -0.3  -0.28
 -0.26 -0.24 -0.22 -0.2  -0.18 -0.16 -0.14 -0.12 -0.1  -0.08 -0.06 -0.04
 -0.02  0.    0.02  0.04  0.06  0.08  0.1   0.12  0.14  0.16  0.18  0.2
  0.22  0.24  0.26  0.28  0.3   0.32  0.34  0.36  0.38  0.4   0.42  0.44
  0.46  0.48  0.5 ]","[0. 0. 0. 0. 0. 0. 0. 0. 0. 0. 0. 0. 0. 0. 0. 0. 0. 0. 0. 0. 0. 0. 0. 0.
 0. 1. 0. 0. 0. 0. 0. 0. 0. 0. 0. 0. 0. 0. 0. 0. 0. 0. 0. 0. 0. 0. 0. 0.
 0. 0.]","","histogram","zero","Zero","pk","1","General","REDACTED","REDACTED","General","omnetpp.ini","$N=1","N=1","N=1-","$N=1","Test","REDACTED","1","#1","results","1","1","1","Test","2"
"General-1-REDACTED","Test.node2","foo1:histogram",100.0,100.0,0.01997,0.003145,0.013,0.027,0.0,0.0,"[0.012 0.013 0.014 0.015 0.016 0.017 0.018 0.019 0.02  0.021 0.022 0.023
 0.024 0.025 0.026 0.027 0.028 0.029 0.03 ]",[ 0.  3.  0.  3.  6. 11. 12.  9. 13. 13. 11.  7.  2.  3.  5.  2.  0.  0.],"sample-hold","histogram","foo1","","s","1","General","REDACTED","REDACTED","General","omnetpp.ini","$N=1","N=1","N=1-","$N=1","Test","REDACTED","1","#1","results","1","1","1","Test","2"
"General-1-REDACTED","Test.node2","foo2:histogram",100.0,100.0,9.208238,10.46272,0.213484,56.866744,0.0,0.0,"[ 0.  1.  2.  3.  4.  5.  6.  7.  8.  9. 10. 11. 12. 13. 14. 15. 16. 17.
 18. 19. 20. 21. 22. 23. 24. 25. 26. 27. 28. 29. 30. 31. 32. 33. 34. 35.
 36. 37. 38. 39. 40. 41. 42. 43. 44. 45. 46. 47. 48. 49. 50. 51. 52. 53.
 54. 55. 56. 57. 58. 59. 60. 61. 62. 63. 64. 65. 66. 67. 68. 69. 70. 71.
 72.]","[14.  6. 14.  6.  5.  6.  9.  4.  4.  3.  4.  0.  3.  0.  2.  2.  1.  0.
  2.  1.  0.  4.  0.  2.  0.  1.  0.  1.  0.  1.  0.  0.  0.  1.  0.  1.
  0.  0.  0.  0.  1.  0.  0.  0.  1.  0.  0.  0.  0.  0.  0.  0.  0.  0.
  0.  0.  1.  0.  0.  0.  0.  0.  0.  0.  0.  0.  0.  0.  0.  0.  0.  0.]","","histogram","foo2","A very nice foo.","","1","General","REDACTED","REDACTED","General","omnetpp.ini","$N=1","N=1","N=1-","$N=1","Test","REDACTED","1","#1","results","1","1","1","Test","2"
"General-1-REDACTED","Test.node2","zero:histogram",1.0,1.0,0.0,"",0.0,0.0,0.0,0.0,"[-0.5  -0.48 -0.46 -0.44 -0.42 -0.4  -0.38 -0.36 -0.34 -0.32 -0.3  -0.28
 -0.26 -0.24 -0.22 -0.2  -0.18 -0.16 -0.14 -0.12 -0.1  -0.08 -0.06 -0.04
 -0.02  0.    0.02  0.04  0.06  0.08  0.1   0.12  0.14  0.16  0.18  0.2
  0.22  0.24  0.26  0.28  0.3   0.32  0.34  0.36  0.38  0.4   0.42  0.44
  0.46  0.48  0.5 ]","[0. 0. 0. 0. 0. 0. 0. 0. 0. 0. 0. 0. 0. 0. 0. 0. 0. 0. 0. 0. 0. 0. 0. 0.
 0. 1. 0. 0. 0. 0. 0. 0. 0. 0. 0. 0. 0. 0. 0. 0. 0. 0. 0. 0. 0. 0. 0. 0.
 0. 0.]","","histogram","zero","Zero","pk","1","General","REDACTED","REDACTED","General","omnetpp.ini","$N=1","N=1","N=1-","$N=1","Test","REDACTED","1","#1","results","1","1","1","Test","2"
"General-2-REDACTED","Test.node1","foo1:histogram",100.0,100.0,0.06225,0.009671,0.024,0.087,0.0,0.0,"[0.008 0.01  0.012 0.014 0.016 0.018 0.02  0.022 0.024 0.026 0.028 0.03
 0.032 0.034 0.036 0.038 0.04  0.042 0.044 0.046 0.048 0.05  0.052 0.054
 0.056 0.058 0.06  0.062 0.064 0.066 0.068 0.07  0.072 0.074 0.076 0.078
 0.08  0.082 0.084 0.086 0.088 0.09  0.092 0.094 0.096 0.098 0.1   0.102
 0.104]","[ 0.  0.  0.  0.  0.  0.  0.  0.  1.  0.  0.  0.  0.  0.  0.  0.  0.  0.
  3.  0.  4.  4.  0.  7. 13.  0. 23.  8.  0.  9.  8.  0.  6.  7.  0.  4.
  1.  0.  1.  1.  0.  0.  0.  0.  0.  0.  0.  0.]","sample-hold","histogram","foo1","","s","3","General","REDACTED","REDACTED","General","omnetpp.ini","$N=3","N=3","N=3-","$N=3","Test","REDACTED","0","#0","results","2","2","3","Test","2"
"General-2-REDACTED","Test.node1","foo2:histogram",100.0,100.0,29.868969,30.665376,0.227504,123.062793,0.0,0.0,"[  0.   2.   4.   6.   8.  10.  12.  14.  16.  18.  20.  22.  24.  26.
  28.  30.  32.  34.  36.  38.  40.  42.  44.  46.  48.  50.  52.  54.
  56.  58.  60.  62.  64.  66.  68.  70.  72.  74.  76.  78.  80.  82.
  84.  86.  88.  90.  92.  94.  96.  98. 100. 102. 104. 106. 108. 110.
 112. 114. 116. 118. 120. 122. 124. 126. 128. 130. 132. 134. 136. 138.
 140. 142. 144. 146. 148. 150. 152. 154.]","[7. 6. 4. 8. 2. 5. 8. 6. 3. 2. 3. 6. 1. 4. 1. 3. 3. 1. 1. 3. 1. 1. 0. 0.
 1. 1. 2. 0. 0. 0. 1. 2. 1. 2. 1. 0. 0. 0. 1. 0. 1. 1. 0. 0. 0. 0. 0. 1.
 0. 0. 0. 0. 0. 1. 0. 0. 1. 1. 0. 1. 0. 2. 0. 0. 0. 0. 0. 0. 0. 0. 0. 0.
 0. 0. 0. 0. 0.]","","histogram","foo2","A very nice foo.","","3","General","REDACTED","REDACTED","General","omnetpp.ini","$N=3","N=3","N=3-","$N=3","Test","REDACTED","0","#0","results","2","2","3","Test","2"
"General-2-REDACTED","Test.node1","zero:histogram",1.0,1.0,0.0,"",0.0,0.0,0.0,0.0,"[-0.5  -0.48 -0.46 -0.44 -0.42 -0.4  -0.38 -0.36 -0.34 -0.32 -0.3  -0.28
 -0.26 -0.24 -0.22 -0.2  -0.18 -0.16 -0.14 -0.12 -0.1  -0.08 -0.06 -0.04
 -0.02  0.    0.02  0.04  0.06  0.08  0.1   0.12  0.14  0.16  0.18  0.2
  0.22  0.24  0.26  0.28  0.3   0.32  0.34  0.36  0.38  0.4   0.42  0.44
  0.46  0.48  0.5 ]","[0. 0. 0. 0. 0. 0. 0. 0. 0. 0. 0. 0. 0. 0. 0. 0. 0. 0. 0. 0. 0. 0. 0. 0.
 0. 1. 0. 0. 0. 0. 0. 0. 0. 0. 0. 0. 0. 0. 0. 0. 0. 0. 0. 0. 0. 0. 0. 0.
 0. 0.]","","histogram","zero","Zero","pk","3","General","REDACTED","REDACTED","General","omnetpp.ini","$N=3","N=3","N=3-","$N=3","Test","REDACTED","0","#0","results","2","2","3","Test","2"
"General-2-REDACTED","Test.node2","foo1:histogram",100.0,100.0,0.06009,0.009501,0.03,0.084,0.0,0.0,"[0.016 0.017 0.018 0.019 0.02  0.021 0.022 0.023 0.024 0.025 0.026 0.027
 0.028 0.029 0.03  0.031 0.032 0.033 0.034 0.035 0.036 0.037 0.038 0.039
 0.04  0.041 0.042 0.043 0.044 0.045 0.046 0.047 0.048 0.049 0.05  0.051
 0.052 0.053 0.054 0.055 0.056 0.057 0.058 0.059 0.06  0.061 0.062 0.063
 0.064 0.065 0.066 0.067 0.068 0.069 0.07  0.071 0.072 0.073 0.074 0.075
 0.076 0.077 0.078 0.079 0.08  0.081 0.082 0.083 0.084 0.085 0.086 0.087
 0.088 0.089 0.09  0.091 0.092 0.093 0.094 0.095 0.096 0.097 0.098]","[ 0.  0.  0.  0.  0.  0.  0.  0.  0.  0.  0.  0.  0.  0.  1.  0.  0.  0.
  0.  0.  0.  0.  0.  0.  0.  0.  2.  0.  0.  3.  0.  0.  5.  0.  0. 10.
  0.  0. 13.  0.  0. 12.  0.  0. 11.  0.  0.  7.  0.  0. 15.  0.  0.  8.
  0.  0.  7.  0.  0.  1.  0.  0.  3.  0.  0.  0.  0.  0.  2.  0.  0.  0.
  0.  0.  0.  0.  0.  0.  0.  0.  0.  0.]","sample-hold","histogram","foo1","","s","3","General","REDACTED","REDACTED","General","omnetpp.ini","$N=3","N=3","N=3-","$N=3","Test","REDACTED","0","#0","results","2","2","3","Test","2"
"General-2-REDACTED","Test.node2","foo2:histogram",100.0,100.0,29.732306,25.748828,0.126667,119.006417,0.0,0.0,"[  0.   2.   4.   6.   8.  10.  12.  14.  16.  18.  20.  22.  24.  26.
  28.  30.  32.  34.  36.  38.  40.  42.  44.  46.  48.  50.  52.  54.
  56.  58.  60.  62.  64.  66.  68.  70.  72.  74.  76.  78.  80.  82.
  84.  86.  88.  90.  92.  94.  96.  98. 100. 102. 104. 106. 108. 110.
 112. 114. 116. 118. 120. 122. 124. 126. 128. 130. 132. 134. 136. 138.
 140. 142. 144. 146. 148. 150.]","[10.  6.  4.  4.  4.  1.  6.  2.  2.  7.  2.  3.  3.  4.  2.  2.  1.  3.
  2.  3.  1.  2.  1.  1.  2.  2.  3.  2.  1.  1.  2.  1.  0.  1.  2.  1.
  1.  1.  0.  0.  0.  0.  0.  0.  0.  1.  0.  0.  1.  0.  0.  0.  1.  0.
  0.  0.  0.  0.  0.  1.  0.  0.  0.  0.  0.  0.  0.  0.  0.  0.  0.  0.
  0.  0.  0.]","","histogram","foo2","A very nice foo.","","3","General","REDACTED","REDACTED","General","omnetpp.ini","$N=3","N=3","N=3-","$N=3","Test","REDACTED","0","#0","results","2","2","3","Test","2"
"General-2-REDACTED","Test.node2","zero:histogram",1.0,1.0,0.0,"",0.0,0.0,0.0,0.0,"[-0.5  -0.48 -0.46 -0.44 -0.42 -0.4  -0.38 -0.36 -0.34 -0.32 -0.3  -0.28
 -0.26 -0.24 -0.22 -0.2  -0.18 -0.16 -0.14 -0.12 -0.1  -0.08 -0.06 -0.04
 -0.02  0.    0.02  0.04  0.06  0.08  0.1   0.12  0.14  0.16  0.18  0.2
  0.22  0.24  0.26  0.28  0.3   0.32  0.34  0.36  0.38  0.4   0.42  0.44
  0.46  0.48  0.5 ]","[0. 0. 0. 0. 0. 0. 0. 0. 0. 0. 0. 0. 0. 0. 0. 0. 0. 0. 0. 0. 0. 0. 0. 0.
 0. 1. 0. 0. 0. 0. 0. 0. 0. 0. 0. 0. 0. 0. 0. 0. 0. 0. 0. 0. 0. 0. 0. 0.
 0. 0.]","","histogram","zero","Zero","pk","3","General","REDACTED","REDACTED","General","omnetpp.ini","$N=3","N=3","N=3-","$N=3","Test","REDACTED","0","#0","results","2","2","3","Test","2"
"General-3-REDACTED","Test.node1","foo1:histogram",100.0,100.0,0.06006,0.010045,0.033,0.081,0.0,0.0,"[0.021 0.022 0.023 0.024 0.025 0.026 0.027 0.028 0.029 0.03  0.031 0.032
 0.033 0.034 0.035 0.036 0.037 0.038 0.039 0.04  0.041 0.042 0.043 0.044
 0.045 0.046 0.047 0.048 0.049 0.05  0.051 0.052 0.053 0.054 0.055 0.056
 0.057 0.058 0.059 0.06  0.061 0.062 0.063 0.064 0.065 0.066 0.067 0.068
 0.069 0.07  0.071 0.072 0.073 0.074 0.075 0.076 0.077 0.078 0.079 0.08
 0.081 0.082 0.083 0.084 0.085 0.086 0.087 0.088 0.089 0.09  0.091 0.092
 0.093]","[ 0.  0.  0.  0.  0.  0.  0.  0.  0.  0.  0.  0.  2.  0.  0.  0.  0.  0.
  0.  0.  0.  4.  0.  0.  5.  0.  0.  3.  0.  0.  5.  0.  0. 12.  0.  0.
 15.  0.  0.  9.  0.  0.  8.  0.  0. 13.  0.  0. 10.  0.  0.  5.  0.  0.
  4.  0.  0.  4.  0.  0.  1.  0.  0.  0.  0.  0.  0.  0.  0.  0.  0.  0.]","sample-hold","histogram","foo1","","s","3","General","REDACTED","REDACTED","General","omnetpp.ini","$N=3","N=3","N=3-","$N=3","Test","REDACTED","1","#1","results","3","3","3","Test","2"
"General-3-REDACTED","Test.node1","foo2:histogram",100.0,100.0,38.204271,34.797872,0.058825,148.529517,0.0,0.0,"[  0.   2.   4.   6.   8.  10.  12.  14.  16.  18.  20.  22.  24.  26.
  28.  30.  32.  34.  36.  38.  40.  42.  44.  46.  48.  50.  52.  54.
  56.  58.  60.  62.  64.  66.  68.  70.  72.  74.  76.  78.  80.  82.
  84.  86.  88.  90.  92.  94.  96.  98. 100. 102. 104. 106. 108. 110.
 112. 114. 116. 118. 120. 122. 124. 126. 128. 130. 132. 134. 136. 138.
 140. 142. 144. 146. 148. 150. 152. 154. 156. 158. 160. 162. 164. 166.
 168. 170. 172. 174. 176. 178. 180. 182. 184. 186.]","[7. 2. 8. 3. 4. 4. 3. 3. 1. 3. 4. 0. 2. 1. 2. 5. 4. 4. 3. 3. 3. 0. 2. 3.
 0. 0. 1. 0. 0. 1. 2. 1. 2. 1. 2. 1. 0. 0. 1. 2. 0. 0. 0. 1. 2. 1. 0. 0.
 0. 0. 0. 0. 0. 1. 1. 1. 1. 0. 0. 0. 1. 0. 0. 0. 0. 1. 0. 0. 0. 0. 0. 1.
 0. 0. 1. 0. 0. 0. 0. 0. 0. 0. 0. 0. 0. 0. 0. 0. 0. 0. 0. 0. 0.]","","histogram","foo2","A very nice foo.","","3","General","REDACTED","REDACTED","General","omnetpp.ini","$N=3","N=3","N=3-","$N=3","Test","REDACTED","1","#1","results","3","3","3","Test","2"
"General-3-REDACTED","Test.node1","zero:histogram",1.0,1.0,0.0,"",0.0,0.0,0.0,0.0,"[-0.5  -0.48 -0.46 -0.44 -0.42 -0.4  -0.38 -0.36 -0.34 -0.32 -0.3  -0.28
 -0.26 -0.24 -0.22 -0.2  -0.18 -0.16 -0.14 -0.12 -0.1  -0.08 -0.06 -0.04
 -0.02  0.    0.02  0.04  0.06  0.08  0.1   0.12  0.14  0.16  0.18  0.2
  0.22  0.24  0.26  0.28  0.3   0.32  0.34  0.36  0.38  0.4   0.42  0.44
  0.46  0.48  0.5 ]","[0. 0. 0. 0. 0. 0. 0. 0. 0. 0. 0. 0. 0. 0. 0. 0. 0. 0. 0. 0. 0. 0. 0. 0.
 0. 1. 0. 0. 0. 0. 0. 0. 0. 0. 0. 0. 0. 0. 0. 0. 0. 0. 0. 0. 0. 0. 0. 0.
 0. 0.]","","histogram","zero","Zero","pk","3","General","REDACTED","REDACTED","General","omnetpp.ini","$N=3","N=3","N=3-","$N=3","Test","REDACTED","1","#1","results","3","3","3","Test","2"
"General-3-REDACTED","Test.node2","foo1:histogram",100.0,100.0,0.05901,0.009304,0.039,0.081,0.0,0.0,"[0.028 0.029 0.03  0.031 0.032 0.033 0.034 0.035 0.036 0.037 0.038 0.039
 0.04  0.041 0.042 0.043 0.044 0.045 0.046 0.047 0.048 0.049 0.05  0.051
 0.052 0.053 0.054 0.055 0.056 0.057 0.058 0.059 0.06  0.061 0.062 0.063
 0.064 0.065 0.066 0.067 0.068 0.069 0.07  0.071 0.072 0.073 0.074 0.075
 0.076 0.077 0.078 0.079 0.08  0.081 0.082 0.083 0.084 0.085 0.086 0.087
 0.088 0.089 0.09  0.091 0.092]","[ 0.  0.  0.  0.  0.  0.  0.  0.  0.  0.  0.  2.  0.  0.  1.  0.  0.  4.
  0.  0.  7.  0.  0. 12.  0.  0. 11.  0.  0. 16.  0.  0. 10.  0.  0. 10.
  0.  0.  8.  0.  0.  8.  0.  0.  5.  0.  0.  0.  0.  0.  3.  0.  0.  3.
  0.  0.  0.  0.  0.  0.  0.  0.  0.  0.]","sample-hold","histogram","foo1","","s","3","General","REDACTED","REDACTED","General","omnetpp.ini","$N=3","N=3","N=3-","$N=3","Test","REDACTED","1","#1","results","3","3","3","Test","2"
"General-3-REDACTED","Test.node2","foo2:histogram",100.0,100.0,27.808041,28.525698,0.263568,150.002861,0.0,0.0,"[  0.   2.   4.   6.   8.  10.  12.  14.  16.  18.  20.  22.  24.  26.
  28.  30.  32.  34.  36.  38.  40.  42.  44.  46.  48.  50.  52.  54.
  56.  58.  60.  62.  64.  66.  68.  70.  72.  74.  76.  78.  80.  82.
  84.  86.  88.  90.  92.  94.  96.  98. 100. 102. 104. 106. 108. 110.
 112. 114. 116. 118. 120. 122. 124. 126. 128. 130. 132. 134. 136. 138.
 140. 142. 144. 146. 148. 150. 152. 154. 156. 158. 160. 162. 164. 166.
 168. 170. 172. 174. 176. 178. 180. 182. 184. 186. 188.]","[4. 8. 8. 6. 5. 7. 3. 5. 2. 7. 1. 5. 4. 0. 3. 2. 2. 1. 1. 2. 1. 1. 3. 1.
 3. 1. 0. 0. 1. 0. 0. 2. 0. 0. 0. 2. 0. 0. 1. 0. 1. 1. 0. 1. 0. 1. 0. 0.
 0. 0. 0. 2. 0. 0. 1. 0. 0. 0. 0. 0. 0. 0. 0. 0. 0. 0. 0. 0. 0. 0. 0. 0.
 0. 0. 0. 1. 0. 0. 0. 0. 0. 0. 0. 0. 0. 0. 0. 0. 0. 0. 0. 0. 0. 0.]","","histogram","foo2","A very nice foo.","","3","General","REDACTED","REDACTED","General","omnetpp.ini","$N=3","N=3","N=3-","$N=3","Test","REDACTED","1","#1","results","3","3","3","Test","2"
"General-3-REDACTED","Test.node2","zero:histogram",1.0,1.0,0.0,"",0.0,0.0,0.0,0.0,"[-0.5  -0.48 -0.46 -0.44 -0.42 -0.4  -0.38 -0.36 -0.34 -0.32 -0.3  -0.28
 -0.26 -0.24 -0.22 -0.2  -0.18 -0.16 -0.14 -0.12 -0.1  -0.08 -0.06 -0.04
 -0.02  0.    0.02  0.04  0.06  0.08  0.1   0.12  0.14  0.16  0.18  0.2
  0.22  0.24  0.26  0.28  0.3   0.32  0.34  0.36  0.38  0.4   0.42  0.44
  0.46  0.48  0.5 ]","[0. 0. 0. 0. 0. 0. 0. 0. 0. 0. 0. 0. 0. 0. 0. 0. 0. 0. 0. 0. 0. 0. 0. 0.
 0. 1. 0. 0. 0. 0. 0. 0. 0. 0. 0. 0. 0. 0. 0. 0. 0. 0. 0. 0. 0. 0. 0. 0.
 0. 0.]","","histogram","zero","Zero","pk","3","General","REDACTED","REDACTED","General","omnetpp.ini","$N=3","N=3","N=3-","$N=3","Test","REDACTED","1","#1","results","3","3","3","Test","2"
"General-4-REDACTED","Test.node1","foo1:histogram",100.0,100.0,0.1185,0.017276,0.072,0.168,0.0,0.0,"[0.048 0.05  0.052 0.054 0.056 0.058 0.06  0.062 0.064 0.066 0.068 0.07
 0.072 0.074 0.076 0.078 0.08  0.082 0.084 0.086 0.088 0.09  0.092 0.094
 0.096 0.098 0.1   0.102 0.104 0.106 0.108 0.11  0.112 0.114 0.116 0.118
 0.12  0.122 0.124 0.126 0.128 0.13  0.132 0.134 0.136 0.138 0.14  0.142
 0.144 0.146 0.148 0.15  0.152 0.154 0.156 0.158 0.16  0.162 0.164 0.166
 0.168 0.17  0.172 0.174 0.176 0.178 0.18  0.182 0.184 0.186 0.188 0.19
 0.192]","[ 0.  0.  0.  0.  0.  0.  0.  0.  0.  0.  0.  0.  1.  0.  0.  0.  0.  0.
  1.  0.  0.  4.  0.  0.  9.  0.  0.  5.  0.  0. 15.  0.  0. 13.  0.  0.
  7.  0.  0. 17.  0.  0. 17.  0.  0.  4.  0.  0.  2.  0.  0.  2.  0.  0.
  0.  0.  0.  2.  0.  0.  1.  0.  0.  0.  0.  0.  0.  0.  0.  0.  0.  0.]","sample-hold","histogram","foo1","","s","6","General","REDACTED","REDACTED","General","omnetpp.ini","$N=6","N=6","N=6-","$N=6","Test","REDACTED","0","#0","results","4","4","6","Test","2"
"General-4-REDACTED","Test.node1","foo2:histogram",100.0,100.0,68.050475,66.033912,1.36646,298.09197,0.0,0.0,"[  0.   5.  10.  15.  20.  25.  30.  35.  40.  45.  50.  55.  60.  65.
  70.  75.  80.  85.  90.  95. 100. 105. 110. 115. 120. 125. 130. 135.
 140. 145. 150. 155. 160. 165. 170. 175. 180. 185. 190. 195. 200. 205.
 210. 215. 220. 225. 230. 235. 240. 245. 250. 255. 260. 265. 270. 275.
 280. 285. 290. 295. 300. 305. 310. 315. 320. 325. 330. 335. 340. 345.
 350. 355. 360. 365. 370. 375.]","[9. 4. 6. 8. 5. 1. 9. 6. 2. 2. 9. 2. 4. 1. 1. 1. 1. 1. 1. 0. 2. 1. 2. 0.
 0. 2. 2. 1. 0. 1. 1. 2. 3. 2. 2. 0. 1. 0. 0. 0. 1. 0. 0. 0. 0. 1. 0. 0.
 1. 0. 0. 0. 1. 0. 0. 0. 0. 0. 0. 1. 0. 0. 0. 0. 0. 0. 0. 0. 0. 0. 0. 0.
 0. 0. 0.]","","histogram","foo2","A very nice foo.","","6","General","REDACTED","REDACTED","General","omnetpp.ini","$N=6","N=6","N=6-","$N=6","Test","REDACTED","0","#0","results","4","4","6","Test","2"
"General-4-REDACTED","Test.node1","zero:histogram",1.0,1.0,0.0,"",0.0,0.0,0.0,0.0,"[-0.5  -0.48 -0.46 -0.44 -0.42 -0.4  -0.38 -0.36 -0.34 -0.32 -0.3  -0.28
 -0.26 -0.24 -0.22 -0.2  -0.18 -0.16 -0.14 -0.12 -0.1  -0.08 -0.06 -0.04
 -0.02  0.    0.02  0.04  0.06  0.08  0.1   0.12  0.14  0.16  0.18  0.2
  0.22  0.24  0.26  0.28  0.3   0.32  0.34  0.36  0.38  0.4   0.42  0.44
  0.46  0.48  0.5 ]","[0. 0. 0. 0. 0. 0. 0. 0. 0. 0. 0. 0. 0. 0. 0. 0. 0. 0. 0. 0. 0. 0. 0. 0.
 0. 1. 0. 0. 0. 0. 0. 0. 0. 0. 0. 0. 0. 0. 0. 0. 0. 0. 0. 0. 0. 0. 0. 0.
 0. 0.]","","histogram","zero","Zero","pk","6","General","REDACTED","REDACTED","General","omnetpp.ini","$N=6","N=6","N=6-","$N=6","Test","REDACTED","0","#0","results","4","4","6","Test","2"
"General-4-REDACTED","Test.node2","foo1:histogram",100.0,100.0,0.11946,0.020219,0.072,0.186,0.0,0.0,"[0.042 0.044 0.046 0.048 0.05  0.052 0.054 0.056 0.058 0.06  0.062 0.064
 0.066 0.068 0.07  0.072 0.074 0.076 0.078 0.08  0.082 0.084 0.086 0.088
 0.09  0.092 0.094 0.096 0.098 0.1   0.102 0.104 0.106 0.108 0.11  0.112
 0.114 0.116 0.118 0.12  0.122 0.124 0.126 0.128 0.13  0.132 0.134 0.136
 0.138 0.14  0.142 0.144 0.146 0.148 0.15  0.152 0.154 0.156 0.158 0.16
 0.162 0.164 0.166 0.168 0.17  0.172 0.174 0.176 0.178 0.18  0.182 0.184
 0.186 0.188 0.19  0.192 0.194 0.196 0.198 0.2   0.202 0.204 0.206 0.208
 0.21  0.212 0.214 0.216]","[ 0.  0.  0.  0.  0.  0.  0.  0.  0.  0.  0.  0.  0.  0.  0.  2.  0.  0.
  0.  0.  0.  2.  0.  0.  4.  0.  0.  5.  0.  0. 12.  0.  0.  8.  0.  0.
 14.  0.  0. 15.  0.  0. 10.  0.  0.  5.  0.  0.  7.  0.  0.  8.  0.  0.
  4.  0.  0.  1.  0.  0.  1.  0.  0.  1.  0.  0.  0.  0.  0.  0.  0.  0.
  1.  0.  0.  0.  0.  0.  0.  0.  0.  0.  0.  0.  0.  0.  0.]","sample-hold","histogram","foo1","","s","6","General","REDACTED","REDACTED","General","omnetpp.ini","$N=6","N=6","N=6-","$N=6","Test","REDACTED","0","#0","results","4","4","6","Test","2"
"General-4-REDACTED","Test.node2","foo2:histogram",100.0,100.0,59.246059,51.156813,0.965995,222.376357,0.0,0.0,"[  0.   5.  10.  15.  20.  25.  30.  35.  40.  45.  50.  55.  60.  65.
  70.  75.  80.  85.  90.  95. 100. 105. 110. 115. 120. 125. 130. 135.
 140. 145. 150. 155. 160. 165. 170. 175. 180. 185. 190. 195. 200. 205.
 210. 215. 220. 225. 230. 235. 240. 245. 250. 255. 260. 265. 270. 275.
 280.]","[ 6.  5. 10.  6.  4.  4.  2.  5.  5.  2.  6.  4.  6.  5.  1.  6.  3.  3.
  2.  0.  1.  1.  0.  1.  3.  0.  0.  0.  0.  2.  0.  0.  0.  1.  0.  0.
  1.  0.  2.  0.  1.  0.  0.  0.  2.  0.  0.  0.  0.  0.  0.  0.  0.  0.
  0.  0.]","","histogram","foo2","A very nice foo.","","6","General","REDACTED","REDACTED","General","omnetpp.ini","$N=6","N=6","N=6-","$N=6","Test","REDACTED","0","#0","results","4","4","6","Test","2"
"General-4-REDACTED","Test.node2","zero:histogram",1.0,1.0,0.0,"",0.0,0.0,0.0,0.0,"[-0.5  -0.48 -0.46 -0.44 -0.42 -0.4  -0.38 -0.36 -0.34 -0.32 -0.3  -0.28
 -0.26 -0.24 -0.22 -0.2  -0.18 -0.16 -0.14 -0.12 -0.1  -0.08 -0.06 -0.04
 -0.02  0.    0.02  0.04  0.06  0.08  0.1   0.12  0.14  0.16  0.18  0.2
  0.22  0.24  0.26  0.28  0.3   0.32  0.34  0.36  0.38  0.4   0.42  0.44
  0.46  0.48  0.5 ]","[0. 0. 0. 0. 0. 0. 0. 0. 0. 0. 0. 0. 0. 0. 0. 0. 0. 0. 0. 0. 0. 0. 0. 0.
 0. 1. 0. 0. 0. 0. 0. 0. 0. 0. 0. 0. 0. 0. 0. 0. 0. 0. 0. 0. 0. 0. 0. 0.
 0. 0.]","","histogram","zero","Zero","pk","6","General","REDACTED","REDACTED","General","omnetpp.ini","$N=6","N=6","N=6-","$N=6","Test","REDACTED","0","#0","results","4","4","6","Test","2"
"General-5-REDACTED","Test.node1","foo1:histogram",100.0,100.0,0.11808,0.021164,0.072,0.186,0.0,0.0,"[0.042 0.044 0.046 0.048 0.05  0.052 0.054 0.056 0.058 0.06  0.062 0.064
 0.066 0.068 0.07  0.072 0.074 0.076 0.078 0.08  0.082 0.084 0.086 0.088
 0.09  0.092 0.094 0.096 0.098 0.1   0.102 0.104 0.106 0.108 0.11  0.112
 0.114 0.116 0.118 0.12  0.122 0.124 0.126 0.128 0.13  0.132 0.134 0.136
 0.138 0.14  0.142 0.144 0.146 0.148 0.15  0.152 0.154 0.156 0.158 0.16
 0.162 0.164 0.166 0.168 0.17  0.172 0.174 0.176 0.178 0.18  0.182 0.184
 0.186 0.188 0.19  0.192 0.194 0.196 0.198 0.2   0.202 0.204 0.206 0.208
 0.21  0.212 0.214 0.216]","[ 0.  0.  0.  0.  0.  0.  0.  0.  0.  0.  0.  0.  0.  0.  0.  1.  0.  0.
  1.  0.  0.  5.  0.  0.  6.  0.  0.  7.  0.  0.  5.  0.  0. 14.  0.  0.
 11.  0.  0. 11.  0.  0.  9.  0.  0. 10.  0.  0.  5.  0.  0.  4.  0.  0.
  7.  0.  0.  2.  0.  0.  1.  0.  0.  0.  0.  0.  0.  0.  0.  0.  0.  0.
  1.  0.  0.  0.  0.  0.  0.  0.  0.  0.  0.  0.  0.  0.  0.]","sample-hold","histogram","foo1","","s","6","General","REDACTED","REDACTED","General","omnetpp.ini","$N=6","N=6","N=6-","$N=6","Test","REDACTED","1","#1","results","5","5","6","Test","2"
"General-5-REDACTED","Test.node1","foo2:histogram",100.0,100.0,62.63589,64.946092,0.09622,363.927003,0.0,0.0,"[  0.  10.  20.  30.  40.  50.  60.  70.  80.  90. 100. 110. 120. 130.
 140. 150. 160. 170. 180. 190. 200. 210. 220. 230. 240. 250. 260. 270.
 280. 290. 300. 310. 320. 330. 340. 350. 360. 370. 380. 390. 400. 410.
 420. 430. 440. 450. 460.]","[19.  8. 11. 11.  6.  7.  2.  6.  4.  3.  8.  3.  2.  0.  3.  0.  0.  0.
  0.  2.  0.  0.  2.  1.  0.  0.  0.  1.  0.  0.  0.  0.  0.  0.  0.  0.
  1.  0.  0.  0.  0.  0.  0.  0.  0.  0.]","","histogram","foo2","A very nice foo.","","6","General","REDACTED","REDACTED","General","omnetpp.ini","$N=6","N=6","N=6-","$N=6","Test","REDACTED","1","#1","results","5","5","6","Test","2"
"General-5-REDACTED","Test.node1","zero:histogram",1.0,1.0,0.0,"",0.0,0.0,0.0,0.0,"[-0.5  -0.48 -0.46 -0.44 -0.42 -0.4  -0.38 -0.36 -0.34 -0.32 -0.3  -0.28
 -0.26 -0.24 -0.22 -0.2  -0.18 -0.16 -0.14 -0.12 -0.1  -0.08 -0.06 -0.04
 -0.02  0.    0.02  0.04  0.06  0.08  0.1   0.12  0.14  0.16  0.18  0.2
  0.22  0.24  0.26  0.28  0.3   0.32  0.34  0.36  0.38  0.4   0.42  0.44
  0.46  0.48  0.5 ]","[0. 0. 0. 0. 0. 0. 0. 0. 0. 0. 0. 0. 0. 0. 0. 0. 0. 0. 0. 0. 0. 0. 0. 0.
 0. 1. 0. 0. 0. 0. 0. 0. 0. 0. 0. 0. 0. 0. 0. 0. 0. 0. 0. 0. 0. 0. 0. 0.
 0. 0.]","","histogram","zero","Zero","pk","6","General","REDACTED","REDACTED","General","omnetpp.ini","$N=6","N=6","N=6-","$N=6","Test","REDACTED","1","#1","results","5","5","6","Test","2"
"General-5-REDACTED","Test.node2","foo1:histogram",100.0,100.0,0.1221,0.017815,0.084,0.168,0.0,0.0,"[0.062 0.064 0.066 0.068 0.07  0.072 0.074 0.076 0.078 0.08  0.082 0.084
 0.086 0.088 0.09  0.092 0.094 0.096 0.098 0.1   0.102 0.104 0.106 0.108
 0.11  0.112 0.114 0.116 0.118 0.12  0.122 0.124 0.126 0.128 0.13  0.132
 0.134 0.136 0.138 0.14  0.142 0.144 0.146 0.148 0.15  0.152 0.154 0.156
 0.158 0.16  0.162 0.164 0.166 0.168 0.17  0.172 0.174 0.176 0.178 0.18
 0.182 0.184 0.186 0.188 0.19 ]","[ 0.  0.  0.  0.  0.  0.  0.  0.  0.  0.  0.  3.  0.  0.  3.  0.  0.  4.
  0.  0.  5.  0.  0. 13.  0.  0. 10.  0.  0. 15.  0.  0. 13.  0.  0. 10.
  0.  0. 10.  0.  0.  4.  0.  0.  7.  0.  0.  1.  0.  0.  1.  0.  0.  1.
  0.  0.  0.  0.  0.  0.  0.  0.  0.  0.]","sample-hold","histogram","foo1","","s","6","General","REDACTED","REDACTED","General","omnetpp.ini","$N=6","N=6","N=6-","$N=6","Test","REDACTED","1","#1","results","5","5","6","Test","2"
"General-5-REDACTED","Test.node2","foo2:histogram",100.0,100.0,53.047182,56.171364,0.040992,284.360029,0.0,0.0,"[  0.   5.  10.  15.  20.  25.  30.  35.  40.  45.  50.  55.  60.  65.
  70.  75.  80.  85.  90.  95. 100. 105. 110. 115. 120. 125. 130. 135.
 140. 145. 150. 155. 160. 165. 170. 175. 180. 185. 190. 195. 200. 205.
 210. 215. 220. 225. 230. 235. 240. 245. 250. 255. 260. 265. 270. 275.
 280. 285. 290. 295. 300. 305. 310. 315. 320. 325. 330. 335. 340. 345.
 350. 355. 360.]","[12. 14.  2.  3.  5.  5. 11.  8.  1.  2.  4.  1.  1.  2.  3.  2.  1.  3.
  1.  1.  3.  1.  3.  0.  1.  1.  1.  1.  0.  1.  0.  0.  1.  0.  0.  1.
  1.  0.  1.  0.  0.  0.  0.  0.  0.  0.  0.  0.  0.  0.  0.  0.  0.  0.
  0.  1.  1.  0.  0.  0.  0.  0.  0.  0.  0.  0.  0.  0.  0.  0.  0.  0.]","","histogram","foo2","A very nice foo.","","6","General","REDACTED","REDACTED","General","omnetpp.ini","$N=6","N=6","N=6-","$N=6","Test","REDACTED","1","#1","results","5","5","6","Test","2"
"General-5-REDACTED","Test.node2","zero:histogram",1.0,1.0,0.0,"",0.0,0.0,0.0,0.0,"[-0.5  -0.48 -0.46 -0.44 -0.42 -0.4  -0.38 -0.36 -0.34 -0.32 -0.3  -0.28
 -0.26 -0.24 -0.22 -0.2  -0.18 -0.16 -0.14 -0.12 -0.1  -0.08 -0.06 -0.04
 -0.02  0.    0.02  0.04  0.06  0.08  0.1   0.12  0.14  0.16  0.18  0.2
  0.22  0.24  0.26  0.28  0.3   0.32  0.34  0.36  0.38  0.4   0.42  0.44
  0.46  0.48  0.5 ]","[0. 0. 0. 0. 0. 0. 0. 0. 0. 0. 0. 0. 0. 0. 0. 0. 0. 0. 0. 0. 0. 0. 0. 0.
 0. 1. 0. 0. 0. 0. 0. 0. 0. 0. 0. 0. 0. 0. 0. 0. 0. 0. 0. 0. 0. 0. 0. 0.
 0. 0.]","","histogram","zero","Zero","pk","6","General","REDACTED","REDACTED","General","omnetpp.ini","$N=6","N=6","N=6-","$N=6","Test","REDACTED","1","#1","results","5","5","6","Test","2"
