['runID: object', 'module: object', 'name: object', 'count: float64', 'sumweights: float64', 'mean: float64', 'stddev: float64', 'min: float64', 'max: float64', 'interpolationmode: object', 'recordingmode: object', 'source: object', 'title: object', 'unit: object', 'N: object', 'configname: object', 'datetime: object', 'datetimef: object', 'experiment: object', 'inifile: object', 'iterationvars: object', 'iterationvarsd: object', 'iterationvarsf: object', 'measurement: object', 'network: object', 'processid: object', 'repetition: object', 'replication: object', 'resultdir: object', 'runnumber: object', 'seedset: object', '**.bar: object', 'network_config: object', 'repeat: object']
"runID","module","name","count","sumweights","mean","stddev","min","max","interpolationmode","recordingmode","source","title","unit","N","configname","datetime","datetimef","experiment","inifile","iterationvars","iterationvarsd","iterationvarsf","measurement","network","processid","repetition","replication","resultdir","runnumber","seedset","**.bar","network_config","repeat"
"General-0-REDACTED","Test.node1","foo1:stats",100.0,100.0,0.0199,0.003341,0.011,0.027,"sample-hold","stats","foo1","","s","1","General","REDACTED","REDACTED","General","omnetpp.ini","$N=1","N=1","N=1-","$N=1","Test","REDACTED","0","#0","results","0","0","1","Test","2"
"General-0-REDACTED","Test.node1","foo2:stats",100.0,100.0,10.775412,10.161722,0.08548,42.018594,"","stats","foo2","A very nice foo.","","1","General","REDACTED","REDACTED","General","omnetpp.ini","$N=1","N=1","N=1-","$N=1","Test","REDACTED","0","#0","results","0","0","1","Test","2"
"General-0-REDACTED","Test.node1","zero:stats",1.0,1.0,0.0,"",0.0,0.0,"","stats","zero","Zero","pk","1","General","REDACTED","REDACTED","General","omnetpp.ini","$N=1","N=1","N=1-","$N=1","Test","REDACTED","0","#0","results","0","0","1","Test","2"
"General-0-REDACTED","Test.node2","foo1:stats",100.0,100.0,0.02011,0.002846,0.014,0.029,"sample-hold","stats","foo1","","s","1","General","REDACTED","REDACTED","General","omnetpp.ini","$N=1","N=1","N=1-","$N=1","Test","REDACTED","0","#0","results","0","0","1","Test","2"
"General-0-REDACTED","Test.node2","foo2:stats",100.0,100.0,10.207521,9.528127,0.054122,48.592183,"","stats","foo2","A very nice foo.","","1","General","REDACTED","REDACTED","General","omnetpp.ini","$N=1","N=1","N=1-","$N=1","Test","REDACTED","0","#0","results","0","0","1","Test","2"
"General-0-REDACTED","Test.node2","zero:stats",1.0,1.0,0.0,"",0.0,0.0,"","stats","zero","Zero","pk","1","General","REDACTED","REDACTED","General","omnetpp.ini","$N=1","N=1","N=1-","$N=1","Test","REDACTED","0","#0","results","0","0","1","Test","2"
"General-1-REDACTED","Test.node1","foo1:stats",100.0,100.0,0.01967,0.003461,0.013,0.027,"sample-hold","stats","foo1","","s","1","General","REDACTED","REDACTED","General","omnetpp.ini","$N=1","N=1","N=1-","$N=1","Test","REDACTED","1","#1","results","1","1","1","Test","2"
"General-1-REDACTED","Test.node1","foo2:stats",100.0,100.0,10.204222,9.489809,0.282124,49.200004,"","stats","foo2","A very nice foo.","","1","General","REDACTED","REDACTED","General","omnetpp.ini","$N=1","N=1","N=1-","$N=1","Test","REDACTED","1","#1","results","1","1","1","Test","2"
"General-1-REDACTED","Test.node1","zero:stats",1.0,1.0,0.0,"",0.0,0.0,"","stats","zero","Zero","pk","1","General","REDACTED","REDACTED","General","omnetpp.ini","$N=1","N=1","N=1-","$N=1","Test","REDACTED","1","#1","results","1","1","1","Test","2"
"General-1-REDACTED","Test.node2","foo1:stats",100.0,100.0,0.01997,0.003145,0.013,0.027,"sample-hold","stats","foo1","","s","1","General","REDACTED","REDACTED","General","omnetpp.ini","$N=1","N=1","N=1-","$N=1","Test","REDACTED","1","#1","results","1","1","1","Test","2"
"General-1-REDACTED","Test.node2","foo2:stats",100.0,100.0,9.208238,10.46272,0.213484,56.866744,"","stats","foo2","A very nice foo.","","1","General","REDACTED","REDACTED","General","omnetpp.ini","$N=1","N=1","N=1-","$N=1","Test","REDACTED","1","#1","results","1","1","1","Test","2"
"General-1-REDACTED","Test.node2","zero:stats",1.0,1.0,0.0,"",0.0,0.0,"","stats","zero","Zero","pk","1","General","REDACTED","REDACTED","General","omnetpp.ini","$N=1","N=1","N=1-","$N=1","Test","REDACTED","1","#1","results","1","1","1","Test","2"
"General-2-REDACTED","Test.node1","foo1:stats",100.0,100.0,0.06225,0.009671,0.024,0.087,"sample-hold","stats","foo1","","s","3","General","REDACTED","REDACTED","General","omnetpp.ini","$N=3","N=3","N=3-","$N=3","Test","REDACTED","0","#0","results","2","2","3","Test","2"
"General-2-REDACTED","Test.node1","foo2:stats",100.0,100.0,29.868969,30.665376,0.227504,123.062793,"","stats","foo2","A very nice foo.","","3","General","REDACTED","REDACTED","General","omnetpp.ini","$N=3","N=3","N=3-","$N=3","Test","REDACTED","0","#0","results","2","2","3","Test","2"
"General-2-REDACTED","Test.node1","zero:stats",1.0,1.0,0.0,"",0.0,0.0,"","stats","zero","Zero","pk","3","General","REDACTED","REDACTED","General","omnetpp.ini","$N=3","N=3","N=3-","$N=3","Test","REDACTED","0","#0","results","2","2","3","Test","2"
"General-2-REDACTED","Test.node2","foo1:stats",100.0,100.0,0.06009,0.009501,0.03,0.084,"sample-hold","stats","foo1","","s","3","General","REDACTED","REDACTED","General","omnetpp.ini","$N=3","N=3","N=3-","$N=3","Test","REDACTED","0","#0","results","2","2","3","Test","2"
"General-2-REDACTED","Test.node2","foo2:stats",100.0,100.0,29.732306,25.748828,0.126667,119.006417,"","stats","foo2","A very nice foo.","","3","General","REDACTED","REDACTED","General","omnetpp.ini","$N=3","N=3","N=3-","$N=3","Test","REDACTED","0","#0","results","2","2","3","Test","2"
"General-2-REDACTED","Test.node2","zero:stats",1.0,1.0,0.0,"",0.0,0.0,"","stats","zero","Zero","pk","3","General","REDACTED","REDACTED","General","omnetpp.ini","$N=3","N=3","N=3-","$N=3","Test","REDACTED","0","#0","results","2","2","3","Test","2"
"General-3-REDACTED","Test.node1","foo1:stats",100.0,100.0,0.06006,0.010045,0.033,0.081,"sample-hold","stats","foo1","","s","3","General","REDACTED","REDACTED","General","omnetpp.ini","$N=3","N=3","N=3-","$N=3","Test","REDACTED","1","#1","results","3","3","3","Test","2"
"General-3-REDACTED","Test.node1","foo2:stats",100.0,100.0,38.204271,34.797872,0.058825,148.529517,"","stats","foo2","A very nice foo.","","3","General","REDACTED","REDACTED","General","omnetpp.ini","$N=3","N=3","N=3-","$N=3","Test","REDACTED","1","#1","results","3","3","3","Test","2"
"General-3-REDACTED","Test.node1","zero:stats",1.0,1.0,0.0,"",0.0,0.0,"","stats","zero","Zero","pk","3","General","REDACTED","REDACTED","General","omnetpp.ini","$N=3","N=3","N=3-","$N=3","Test","REDACTED","1","#1","results","3","3","3","Test","2"
"General-3-REDACTED","Test.node2","foo1:stats",100.0,100.0,0.05901,0.009304,0.039,0.081,"sample-hold","stats","foo1","","s","3","General","REDACTED","REDACTED","General","omnetpp.ini","$N=3","N=3","N=3-","$N=3","Test","REDACTED","1","#1","results","3","3","3","Test","2"
"General-3-REDACTED","Test.node2","foo2:stats",100.0,100.0,27.808041,28.525698,0.263568,150.002861,"","stats","foo2","A very nice foo.","","3","General","REDACTED","REDACTED","General","omnetpp.ini","$N=3","N=3","N=3-","$N=3","Test","REDACTED","1","#1","results","3","3","3","Test","2"
"General-3-REDACTED","Test.node2","zero:stats",1.0,1.0,0.0,"",0.0,0.0,"","stats","zero","Zero","pk","3","General","REDACTED","REDACTED","General","omnetpp.ini","$N=3","N=3","N=3-","$N=3","Test","REDACTED","1","#1","results","3","3","3","Test","2"
"General-4-REDACTED","Test.node1","foo1:stats",100.0,100.0,0.1185,0.017276,0.072,0.168,"sample-hold","stats","foo1","","s","6","General","REDACTED","REDACTED","General","omnetpp.ini","$N=6","N=6","N=6-","$N=6","Test","REDACTED","0","#0","results","4","4","6","Test","2"
"General-4-REDACTED","Test.node1","foo2:stats",100.0,100.0,68.050475,66.033912,1.36646,298.09197,"","stats","foo2","A very nice foo.","","6","General","REDACTED","REDACTED","General","omnetpp.ini","$N=6","N=6","N=6-","$N=6","Test","REDACTED","0","#0","results","4","4","6","Test","2"
"General-4-REDACTED","Test.node1","zero:stats",1.0,1.0,0.0,"",0.0,0.0,"","stats","zero","Zero","pk","6","General","REDACTED","REDACTED","General","omnetpp.ini","$N=6","N=6","N=6-","$N=6","Test","REDACTED","0","#0","results","4","4","6","Test","2"
"General-4-REDACTED","Test.node2","foo1:stats",100.0,100.0,0.11946,0.020219,0.072,0.186,"sample-hold","stats","foo1","","s","6","General","REDACTED","REDACTED","General","omnetpp.ini","$N=6","N=6","N=6-","$N=6","Test","REDACTED","0","#0","results","4","4","6","Test","2"
"General-4-REDACTED","Test.node2","foo2:stats",100.0,100.0,59.246059,51.156813,0.965995,222.376357,"","stats","foo2","A very nice foo.","","6","General","REDACTED","REDACTED","General","omnetpp.ini","$N=6","N=6","N=6-","$N=6","Test","REDACTED","0","#0","results","4","4","6","Test","2"
"General-4-REDACTED","Test.node2","zero:stats",1.0,1.0,0.0,"",0.0,0.0,"","stats","zero","Zero","pk","6","General","REDACTED","REDACTED","General","omnetpp.ini","$N=6","N=6","N=6-","$N=6","Test","REDACTED","0","#0","results","4","4","6","Test","2"
"General-5-REDACTED","Test.node1","foo1:stats",100.0,100.0,0.11808,0.021164,0.072,0.186,"sample-hold","stats","foo1","","s","6","General","REDACTED","REDACTED","General","omnetpp.ini","$N=6","N=6","N=6-","$N=6","Test","REDACTED","1","#1","results","5","5","6","Test","2"
"General-5-REDACTED","Test.node1","foo2:stats",100.0,100.0,62.63589,64.946092,0.09622,363.927003,"","stats","foo2","A very nice foo.","","6","General","REDACTED","REDACTED","General","omnetpp.ini","$N=6","N=6","N=6-","$N=6","Test","REDACTED","1","#1","results","5","5","6","Test","2"
"General-5-REDACTED","Test.node1","zero:stats",1.0,1.0,0.0,"",0.0,0.0,"","stats","zero","Zero","pk","6","General","REDACTED","REDACTED","General","omnetpp.ini","$N=6","N=6","N=6-","$N=6","Test","REDACTED","1","#1","results","5","5","6","Test","2"
"General-5-REDACTED","Test.node2","foo1:stats",100.0,100.0,0.1221,0.017815,0.084,0.168,"sample-hold","stats","foo1","","s","6","General","REDACTED","REDACTED","General","omnetpp.ini","$N=6","N=6","N=6-","$N=6","Test","REDACTED","1","#1","results","5","5","6","Test","2"
"General-5-REDACTED","Test.node2","foo2:stats",100.0,100.0,53.047182,56.171364,0.040992,284.360029,"","stats","foo2","A very nice foo.","","6","General","REDACTED","REDACTED","General","omnetpp.ini","$N=6","N=6","N=6-","$N=6","Test","REDACTED","1","#1","results","5","5","6","Test","2"
"General-5-REDACTED","Test.node2","zero:stats",1.0,1.0,0.0,"",0.0,0.0,"","stats","zero","Zero","pk","6","General","REDACTED","REDACTED","General","omnetpp.ini","$N=6","N=6","N=6-","$N=6","Test","REDACTED","1","#1","results","5","5","6","Test","2"
